// Vitest Snapshot v1, https://vitest.dev/guide/snapshot.html

exports[`u-input.vue > Demo- 1`] = `
<div class="root">
  <span class="baseline">b</span>
  <span class="placeholder">请输入</span>
  <input class="input" type="text">
</div>
`;

exports[`u-input.vue > Demo-@deprecated 搜索图标 1`] = `
<div>
  <div class="root" direction="horizontal" type vusion-slot-name="default">
    <div class="root" search="left" size="normal medium">
      <span class="baseline">b</span>
      <span class="placeholder">1~12位小写字母</span>
      <input class="input" search="left" size="normal medium" type="text">
      <span class="suffix"></span>
    </div>
    <div class="root" search="right" size="normal medium">
      <span class="baseline">b</span>
      <span class="placeholder">1~12位小写字母</span>
      <input class="input" search="right" size="normal medium" type="text">
      <span class="suffix"></span>
    </div>
  </div>
</div>
`;

exports[`u-input.vue > Demo-加密 1`] = `
<div>
  <div class="root" maxlength="12" password="true">
    <span class="baseline">b</span>
    <span class="placeholder">请输入密码</span>
    <input class="input" maxlength="12" type="password">
    <span class="suffix">
      <span class="password"></span>
    </span>
  </div>
</div>
`;

exports[`u-input.vue > Demo-加密 2`] = `
<div>
  <div class="root" maxlength="12" password="true">
    <span class="baseline">b</span>
    <span class="placeholder">请输入密码</span>
    <input class="input" maxlength="12" type="password">
    <span class="suffix">
      <span class="password"></span>
    </span>
  </div>
</div>
`;

exports[`u-input.vue > Demo-双向绑定 1`] = `
<div class="root" direction="horizontal" type vusion-slot-name="default">
  <div class="root" maxlength="12">
    <span class="baseline">b</span>
    <span class="placeholder"></span>
    <input class="input" maxlength="12" type="text">
  </div>
  <div class="root" maxlength="12">
    <span class="baseline">b</span>
    <span class="placeholder"></span>
    <input class="input" maxlength="12" type="text">
  </div>
  <div class="root" maxlength="12">
    <span class="baseline">b</span>
    <span class="placeholder"></span>
    <input class="input" maxlength="12" type="text">
  </div>
</div>
`;

exports[`u-input.vue > Demo-双向绑定 2`] = `
<div class="root" direction="horizontal" type vusion-slot-name="default">
  <div class="root" maxlength="12">
    <span class="baseline">b</span>
    <span class="placeholder"></span>
    <input class="input" maxlength="12" type="text">
  </div>
  <div class="root" maxlength="12">
    <span class="baseline">b</span>
    <span class="placeholder"></span>
    <input class="input" maxlength="12" type="text">
  </div>
  <div class="root" maxlength="12">
    <span class="baseline">b</span>
    <span class="placeholder"></span>
    <input class="input" maxlength="12" type="text">
  </div>
</div>
`;

exports[`u-input.vue > Demo-只读和禁用 1`] = `
<div>
  <div class="root" direction="horizontal" type vusion-slot-name="default">
    <div class="root" readonly="readonly">
      <span class="baseline">b</span>
      <span class="placeholder" style="display: none;"></span>
      <input class="input" readonly="readonly" type="text">
    </div>
    <div class="root" disabled="disabled">
      <span class="baseline">b</span>
      <span class="placeholder" style="display: none;"></span>
      <input class="input" disabled="disabled" type="text">
    </div>
  </div>
</div>
`;

exports[`u-input.vue > Demo-只读和禁用 2`] = `
<div>
  <div class="root" direction="horizontal" type vusion-slot-name="default">
    <div class="root" readonly="readonly">
      <span class="baseline">b</span>
      <span class="placeholder" style="display: none;"></span>
      <input class="input" readonly="readonly" type="text">
    </div>
    <div class="root" disabled="disabled">
      <span class="baseline">b</span>
      <span class="placeholder" style="display: none;"></span>
      <input class="input" disabled="disabled" type="text">
    </div>
  </div>
</div>
`;

exports[`u-input.vue > Demo-可清空 1`] = `
<div>
  <div class="root" clearable="可清空">
    <span class="baseline">b</span>
    <span class="placeholder" style="display: none;"></span>
    <input class="input" type="text">
    <span class="suffix">
      <span class="clearable"></span>
    </span>
  </div>
</div>
`;

exports[`u-input.vue > Demo-可清除 1`] = `
<div>
  <div class="root" clearable="可清除">
    <span class="baseline">b</span>
    <span class="placeholder" style="display: none;"></span>
    <input class="input" type="text">
    <span class="suffix">
      <span class="clearable"></span>
    </span>
  </div>
</div>
`;

exports[`u-input.vue > Demo-和倒计时一起使用 1`] = `
<div class="root" layout="block">
  <div class="root" distance label-size="normal">
    <label class="label" position="right" vusion-slot-name="label" vusion-slot-name-edit="label">
      <span class="text" vusion-slot-name-edit="label">中文名</span>
    </label>
    <div class="field">
      <div class="description" vusion-slot-name="description" vusion-slot-name-edit="description"></div>
      <div class="wrap" vusion-slot-name="default">
        <div class="root" color>
          <span class="baseline">b</span>
          <span class="placeholder" style="display: none;"></span>
          <input class="input" type="text">
        </div>
      </div>
    </div>
  </div>
  <div class="root" distance label-size="normal">
    <label class="label" position="right" vusion-slot-name="label" vusion-slot-name-edit="label">
      <span class="text" vusion-slot-name-edit="label">倒计时</span>
    </label>
    <div class="field">
      <div class="description" vusion-slot-name="description" vusion-slot-name-edit="description"></div>
      <div class="wrap" vusion-slot-name="default"> 600 秒后重新获取
      </div>
    </div>
  </div>
</div>
`;

exports[`u-input.vue > Demo-基本用法 1`] = `
<div>
  <div class="root" maxlength="12">
    <span class="baseline">b</span>
    <span class="placeholder">请输入</span>
    <input class="input" maxlength="12" type="text">
  </div>
</div>
`;

exports[`u-input.vue > Demo-基本用法 2`] = `
<div>
  <div class="root" maxlength="12">
    <span class="baseline">b</span>
    <span class="placeholder">1~12位小写字母</span>
    <input class="input" maxlength="12" type="text">
  </div>
</div>
`;

exports[`u-input.vue > Demo-大小扩展 1`] = `
<div>
  <div class="root" direction="vertical" type vusion-slot-name="default">
    <div class="root" direction="horizontal" type vusion-slot-name="default">
      <div class="root" height="mini" readonly="readonly" width>
        <span class="baseline">b</span>
        <span class="placeholder" style="display: none;"></span>
        <input class="input" height="mini" readonly="readonly" type="text" width>
      </div>
      <div class="root" height="mini" readonly="readonly" width>
        <span class="baseline">b</span>
        <span class="placeholder" style="display: none;"></span>
        <input class="input" height="mini" readonly="readonly" type="text" width>
      </div>
      <div class="root" height="mini" readonly="readonly" width>
        <span class="baseline">b</span>
        <span class="placeholder" style="display: none;"></span>
        <input class="input" height="mini" readonly="readonly" type="text" width>
      </div>
      <div class="root" height="mini" readonly="readonly" width>
        <span class="baseline">b</span>
        <span class="placeholder" style="display: none;"></span>
        <input class="input" height="mini" readonly="readonly" type="text" width>
      </div>
    </div>
    <div class="root" direction="horizontal" type vusion-slot-name="default">
      <div class="root" height="small" readonly="readonly" width>
        <span class="baseline">b</span>
        <span class="placeholder" style="display: none;"></span>
        <input class="input" height="small" readonly="readonly" type="text" width>
      </div>
      <div class="root" height="small" readonly="readonly" width>
        <span class="baseline">b</span>
        <span class="placeholder" style="display: none;"></span>
        <input class="input" height="small" readonly="readonly" type="text" width>
      </div>
      <div class="root" height="small" readonly="readonly" width>
        <span class="baseline">b</span>
        <span class="placeholder" style="display: none;"></span>
        <input class="input" height="small" readonly="readonly" type="text" width>
      </div>
      <div class="root" height="small" readonly="readonly" width>
        <span class="baseline">b</span>
        <span class="placeholder" style="display: none;"></span>
        <input class="input" height="small" readonly="readonly" type="text" width>
      </div>
    </div>
    <div class="root" direction="horizontal" type vusion-slot-name="default">
      <div class="root" height="normal" readonly="readonly" width>
        <span class="baseline">b</span>
        <span class="placeholder" style="display: none;"></span>
        <input class="input" height="normal" readonly="readonly" type="text" width>
      </div>
      <div class="root" height="normal" readonly="readonly" width>
        <span class="baseline">b</span>
        <span class="placeholder" style="display: none;"></span>
        <input class="input" height="normal" readonly="readonly" type="text" width>
      </div>
      <div class="root" height="normal" readonly="readonly" width>
        <span class="baseline">b</span>
        <span class="placeholder" style="display: none;"></span>
        <input class="input" height="normal" readonly="readonly" type="text" width>
      </div>
      <div class="root" height="normal" readonly="readonly" width>
        <span class="baseline">b</span>
        <span class="placeholder" style="display: none;"></span>
        <input class="input" height="normal" readonly="readonly" type="text" width>
      </div>
    </div>
    <div class="root" direction="horizontal" type vusion-slot-name="default">
      <div class="root" height="medium" readonly="readonly" width>
        <span class="baseline">b</span>
        <span class="placeholder" style="display: none;"></span>
        <input class="input" height="medium" readonly="readonly" type="text" width>
      </div>
      <div class="root" height="medium" readonly="readonly" width>
        <span class="baseline">b</span>
        <span class="placeholder" style="display: none;"></span>
        <input class="input" height="medium" readonly="readonly" type="text" width>
      </div>
      <div class="root" height="medium" readonly="readonly" width>
        <span class="baseline">b</span>
        <span class="placeholder" style="display: none;"></span>
        <input class="input" height="medium" readonly="readonly" type="text" width>
      </div>
      <div class="root" height="medium" readonly="readonly" width>
        <span class="baseline">b</span>
        <span class="placeholder" style="display: none;"></span>
        <input class="input" height="medium" readonly="readonly" type="text" width>
      </div>
    </div>
    <div class="root" direction="horizontal" type vusion-slot-name="default">
      <div class="root" height="large" readonly="readonly" width>
        <span class="baseline">b</span>
        <span class="placeholder" style="display: none;"></span>
        <input class="input" height="large" readonly="readonly" type="text" width>
      </div>
    </div>
    <div class="root" direction="horizontal" type vusion-slot-name="default">
      <div class="root" height="huge" readonly="readonly" width>
        <span class="baseline">b</span>
        <span class="placeholder" style="display: none;"></span>
        <input class="input" height="huge" readonly="readonly" type="text" width>
      </div>
    </div>
    <div class="root" direction="horizontal" type vusion-slot-name="default">
      <div class="root" height="full" readonly="readonly" width>
        <span class="baseline">b</span>
        <span class="placeholder" style="display: none;"></span>
        <input class="input" height="full" readonly="readonly" type="text" width>
      </div>
    </div>
  </div>
</div>
`;

exports[`u-input.vue > Demo-展示方式 1`] = `
<div>
  <div class="root" direction="vertical" gap="small" type vusion-slot-name="default">
    <div class="root" maxlength="12">
      <span class="baseline">b</span>
      <span class="placeholder">行内展示（默认）</span>
      <input class="input" maxlength="12" type="text">
    </div> 与文字对齐 <div class="root" display="block" maxlength="12">
      <span class="baseline">b</span>
      <span class="placeholder">块级展示</span>
      <input class="input" display="block" maxlength="12" type="text">
    </div>
  </div>
</div>
`;

exports[`u-input.vue > Demo-展示方式 2`] = `
<div>
  <div class="root" direction="vertical" gap="small" type vusion-slot-name="default">
    <div class="root" maxlength="12">
      <span class="baseline">b</span>
      <span class="placeholder">行内展示（默认）</span>
      <input class="input" maxlength="12" type="text">
    </div> 与文字对齐 <div class="root" display="block" maxlength="12">
      <span class="baseline">b</span>
      <span class="placeholder">块级展示</span>
      <input class="input" display="block" maxlength="12" type="text">
    </div>
  </div>
</div>
`;

exports[`u-input.vue > Demo-添加图标 1`] = `
<div>
  <div class="root" direction="horizontal" type vusion-slot-name="default">
    <div class="root" prefix="search" size="normal medium">
      <span class="baseline">b</span>
      <span class="placeholder">1~12位小写字母</span>
      <span class="prefix" name="search">
        <span class="lcp-iconv singleicon">
          <span class="iconwrap">
            <svg aria-hidden="true" class="iconsvg">
              <use xlink:href="#pc-search" />
            </svg>
          </span>
          <div class="icontext" vusion-slot-name="default">
          </div>
        </span>
      </span>
      <input class="input" size="normal medium" type="text">
      <span class="suffix"></span>
    </div>
    <div class="root" size="normal medium" suffix="search">
      <span class="baseline">b</span>
      <span class="placeholder">1~12位小写字母</span>
      <input class="input" size="normal medium" type="text">
      <span class="suffix">
        <span>
          <span class="lcp-iconv singleicon">
            <span class="iconwrap">
              <svg aria-hidden="true" class="iconsvg">
                <use xlink:href="#pc-search" />
              </svg>
            </span>
            <div class="icontext" vusion-slot-name="default">
            </div>
          </span>
        </span>
      </span>
    </div>
    <div class="root" prefix="bug" size="normal medium">
      <span class="baseline">b</span>
      <span class="placeholder">1~12位小写字母</span>
      <span class="prefix" name="bug">
        <span class="lcp-iconv singleicon">
          <span class="iconwrap">
            <svg aria-hidden="true" class="iconsvg">
              <use xlink:href="#pc-bug" />
            </svg>
          </span>
          <div class="icontext" vusion-slot-name="default">
          </div>
        </span>
      </span>
      <input class="input" size="normal medium" type="text">
      <span class="suffix"></span>
    </div>
    <div class="root" size="normal medium" suffix="bug">
      <span class="baseline">b</span>
      <span class="placeholder">1~12位小写字母</span>
      <input class="input" size="normal medium" type="text">
      <span class="suffix">
        <span>
          <span class="lcp-iconv singleicon">
            <span class="iconwrap">
              <svg aria-hidden="true" class="iconsvg">
                <use xlink:href="#pc-bug" />
              </svg>
            </span>
            <div class="icontext" vusion-slot-name="default">
            </div>
          </span>
        </span>
      </span>
    </div>
    <div class="root" prefix="top" size="normal medium">
      <span class="baseline">b</span>
      <span class="placeholder">1~12位小写字母</span>
      <span class="prefix" name="top">
        <span class="lcp-iconv singleicon">
          <span class="iconwrap">
            <svg aria-hidden="true" class="iconsvg">
              <use xlink:href="#pc-default" />
            </svg>
          </span>
          <div class="icontext" vusion-slot-name="default">
          </div>
        </span>
      </span>
      <input class="input" size="normal medium" type="text">
      <span class="suffix"></span>
    </div>
    <div class="root" prefix size="normal medium">
      <span class="baseline">b</span>
      <span class="placeholder">1~12位小写字母</span>
      <span class="prefix" name>
        <span>111</span>
      </span>
      <input class="input" size="normal medium" type="text">
      <span class="suffix"></span>
    </div>
  </div>
</div>
`;

exports[`u-input.vue > Demo-自动扩展大小 1`] = `
<div class="root" direction="horizontal" type vusion-slot-name="default">
  <div class="root" style="width: 0px;">
    <span class="baseline">b</span>
    <span class="placeholder" style="display: none;"></span>
    <input class="input" style type="text">
  </div>
</div>
`;

exports[`u-input.vue > Demo-自定义样式 1`] = `
<div class="root" direction="horizontal" type vusion-slot-name="default">
  <div class="root custom" maxlength="12">
    <span class="baseline">b</span>
    <span class="placeholder">class</span>
    <input class="input" maxlength="12" type="text">
  </div>
  <div class="root" maxlength="12" style="background: rgb(247, 248, 252); width: 200px;">
    <span class="baseline">b</span>
    <span class="placeholder">style</span>
    <input class="input" maxlength="12" type="text">
  </div>
</div>
`;

exports[`u-input.vue > Demo-键盘事件 1`] = `
<div class="root">
  <span class="baseline">b</span>
  <span class="placeholder" style="display: none;"></span>
  <input class="input" type="text">
</div>
`;
