// Vitest Snapshot v1, https://vitest.dev/guide/snapshot.html

exports[`u-router-view.vue > Demo-基本用法 1`] = `""`;

exports[`u-router-view.vue > Demo-基本用法 2`] = `
<div>
</div>
`;
