// Vitest Snapshot v1, https://vitest.dev/guide/snapshot.html

exports[`u-checkbox.vue > value 设置文本值渲染 1`] = `
<label class="root" show-title="true" tabindex="0">
  <span class="box" status="false"></span>
  <span vusion-slot-name="item"></span>
</label>
`;
