// Vitest Snapshot v1, https://vitest.dev/guide/snapshot.html

exports[`renders demo correctly 1`] = `
<div>
  <div>
    <div noallow="" role="button" tabindex="0" class="van-cell van-cell--clickable van-cell--center">
      <div vusion-slot-name="title" vusion-slot-name-edit="title" class="van-cell__title"><span>日期选择</span></div>
      <div class="van-cell__value">
        <div vusion-click-enabled="true" class="van-calendar__wrapppcalendar">
          <div label-layout="inline" noallow="" class="van-cellson van-cellson--center van-cellson--insel van-field">
            <div class="van-cellson__value van-field__value">
              <div class="van-field__body"><input type="text" readonly="readonly" class="van-field__control van-field__control--right"></div>
            </div>
          </div>
        </div>
      </div><i class="van-icon van-icon-arrow van-cell__right-icon">
        <!----></i>
    </div>
  </div>
  <div>
    <div noallow="" role="button" tabindex="0" class="van-cell van-cell--clickable van-cell--center">
      <div vusion-slot-name="title" vusion-slot-name-edit="title" class="van-cell__title"><span>日期选择</span></div>
      <div class="van-cell__value">
        <div vusion-click-enabled="true" class="van-calendar__wrapppcalendar">
          <div label-layout="inline" noallow="" class="van-cellson van-cellson--center van-cellson--insel van-field">
            <div class="van-cellson__value van-field__value">
              <div class="van-field__body"><input type="text" readonly="readonly" class="van-field__control van-field__control--right"></div>
            </div>
          </div>
        </div>
      </div><i class="van-icon van-icon-arrow van-cell__right-icon">
        <!----></i>
    </div>
  </div>
  <div>
    <div noallow="" role="button" tabindex="0" class="van-cell van-cell--clickable van-cell--center">
      <div vusion-slot-name="title" vusion-slot-name-edit="title" class="van-cell__title"><span>日期选择</span></div>
      <div class="van-cell__value">
        <div vusion-click-enabled="true" class="van-calendar__wrapppcalendar">
          <div label-layout="inline" noallow="" class="van-cellson van-cellson--center van-cellson--insel van-field">
            <div class="van-cellson__value van-field__value">
              <div class="van-field__body"><input type="text" readonly="readonly" class="van-field__control van-field__control--right"></div>
            </div>
          </div>
        </div>
      </div><i class="van-icon van-icon-arrow van-cell__right-icon">
        <!----></i>
    </div>
  </div>
</div>
`;
