// Vitest Snapshot v1, https://vitest.dev/guide/snapshot.html

exports[`renders demo correctly 1`] = `
<div>
  <div>
    <div>value: 2021-01-13 00:00:00</div>
    <div>start: asdfsadf-asdf</div>
    <div>end: asdfasdf</div>
    <div vusion-click-enabled="true" class="van-datetime-picker__wrapppdtpicker">
      <div label-layout="inline" noallow="" class="van-cellson van-cellson--center van-cellson--insel van-field">
        <div vusion-slot-name="title" class="van-cellson__title van-field__label van-field__labelhasslots"><span vusion-slot-name-edit="text" class="root">顶部标题</span></div>
        <div class="van-cellson__value van-field__value">
          <div class="van-field__body"><input type="text" readonly="readonly" class="van-field__control van-field__control--left"></div>
        </div>
      </div>
    </div><button class="van-button van-button--default van-button--normal van-button--square">
      <div class="van-button__content"><span class="van-button__text">clear</span></div>
    </button>
    <div>time: </div>
    <div>start: </div>
    <div>end: </div>
    <div vusion-click-enabled="true" class="van-datetime-picker__wrapppdtpicker">
      <div label-layout="inline" noallow="" class="van-cellson van-cellson--center van-cellson--insel van-field">
        <div vusion-slot-name="title" class="van-cellson__title van-field__label van-field__labelhasslots"><span vusion-slot-name-edit="text" class="root">顶部标题</span></div>
        <div class="van-cellson__value van-field__value">
          <div class="van-field__body"><input type="text" readonly="readonly" class="van-field__control van-field__control--left"></div>
        </div>
      </div>
    </div><button class="van-button van-button--default van-button--normal van-button--square">
      <div class="van-button__content"><span class="van-button__text">clear</span></div>
    </button>
  </div>
  <div>
    <div>value: 2021-01-13 00:00:00</div>
    <div vusion-click-enabled="true" class="van-datetime-picker__wrapppdtpicker">
      <div label-layout="inline" noallow="" class="van-cellson van-cellson--center van-cellson--insel van-field">
        <div class="van-cellson__value van-field__value">
          <div class="van-field__body"><input type="text" readonly="readonly" class="van-field__control van-field__control--right"></div>
        </div>
      </div>
    </div>
  </div>
  <div>
    <div>value: </div>
    <div vusion-click-enabled="true" class="van-datetime-picker__wrapppdtpicker">
      <div label-layout="inline" noallow="" class="van-cellson van-cellson--center van-cellson--insel van-field">
        <div class="van-cellson__value van-field__value">
          <div class="van-field__body"><input type="text" readonly="readonly" class="van-field__control van-field__control--right"></div>
        </div>
      </div>
    </div>
  </div>
  <div>
    <div>value: </div>
    <div vusion-click-enabled="true" class="van-datetime-picker__wrapppdtpicker">
      <div label-layout="inline" noallow="" class="van-cellson van-cellson--center van-cellson--insel van-field">
        <div class="van-cellson__value van-field__value">
          <div class="van-field__body"><input type="text" readonly="readonly" class="van-field__control van-field__control--right"></div>
        </div>
      </div>
    </div>
  </div>
  <div>
    <div>value: </div>
    <div vusion-click-enabled="true" class="van-datetime-picker__wrapppdtpicker">
      <div label-layout="inline" noallow="" class="van-cellson van-cellson--center van-cellson--insel van-field">
        <div class="van-cellson__value van-field__value">
          <div class="van-field__body"><input type="text" readonly="readonly" class="van-field__control van-field__control--right"></div>
        </div>
      </div>
    </div>
  </div>
  <div>
    <div>value: </div>
    <div vusion-click-enabled="true" class="van-datetime-picker__wrapppdtpicker">
      <div label-layout="inline" noallow="" class="van-cellson van-cellson--center van-cellson--insel van-field">
        <div class="van-cellson__value van-field__value">
          <div class="van-field__body"><input type="text" readonly="readonly" class="van-field__control van-field__control--right"></div>
        </div>
      </div>
    </div>
  </div>
  <div>
    <div>value: 2022-03-31T07:21:52.066Z</div>
    <div vusion-click-enabled="true" class="van-datetime-picker__wrapppdtpicker">
      <div label-layout="inline" noallow="" class="van-cellson van-cellson--center van-cellson--insel van-field">
        <div class="van-cellson__value van-field__value">
          <div class="van-field__body"><input type="text" readonly="readonly" class="van-field__control van-field__control--right"></div>
        </div>
      </div>
    </div>
  </div>
  <div>
    <div>value: 2022-03-31T07:21:52.066Z</div>
    <div vusion-click-enabled="true" class="van-datetime-picker__wrapppdtpicker">
      <div label-layout="inline" noallow="" class="van-cellson van-cellson--center van-cellson--insel van-field">
        <div class="van-cellson__value van-field__value">
          <div class="van-field__body"><input type="text" readonly="readonly" class="van-field__control van-field__control--right"></div>
        </div>
      </div>
    </div>
  </div>
  <div>
    <div>value: 12:00</div>
    <div vusion-click-enabled="true" class="van-datetime-picker__wrapppdtpicker">
      <div label-layout="inline" noallow="" class="van-cellson van-cellson--center van-cellson--insel van-field">
        <div class="van-cellson__value van-field__value">
          <div class="van-field__body"><input type="text" readonly="readonly" class="van-field__control van-field__control--right"></div>
        </div>
      </div>
    </div>
  </div>
  <div>
    <div>value: 12:11:11</div>
    <div vusion-click-enabled="true" class="van-datetime-picker__wrapppdtpicker">
      <div label-layout="inline" noallow="" class="van-cellson van-cellson--center van-cellson--insel van-field">
        <div class="van-cellson__value van-field__value">
          <div class="van-field__body"><input type="text" readonly="readonly" class="van-field__control van-field__control--right"></div>
        </div>
      </div>
    </div>
  </div>
  <div>
    <div vusion-click-enabled="true" class="van-datetime-picker__wrapppdtpicker">
      <div label-layout="inline" noallow="" class="van-cellson van-cellson--center van-cellson--insel van-field">
        <div class="van-cellson__value van-field__value">
          <div class="van-field__body"><input type="text" readonly="readonly" class="van-field__control van-field__control--right"></div>
        </div>
      </div>
    </div>
  </div>
  <div>
    <div vusion-click-enabled="true" class="van-datetime-picker__wrapppdtpicker">
      <div label-layout="inline" noallow="" class="van-cellson van-cellson--center van-cellson--insel van-field">
        <div class="van-cellson__value van-field__value">
          <div class="van-field__body"><input type="text" readonly="readonly" class="van-field__control van-field__control--right"></div>
        </div>
      </div>
    </div>
    <div vusion-click-enabled="true" class="van-datetime-picker__wrapppdtpicker">
      <div label-layout="inline" noallow="" class="van-cellson van-cellson--center van-cellson--insel van-field">
        <div class="van-cellson__value van-field__value">
          <div class="van-field__body"><input type="text" readonly="readonly" class="van-field__control van-field__control--right"></div>
        </div>
      </div>
    </div>
  </div>
</div>
`;
