// Vitest Snapshot v1, https://vitest.dev/guide/snapshot.html

exports[`renders demo correctly 1`] = `
<div>
  <div>
    <div class="van-checkbox-group van-checkbox-group--horizontal">
      <div style="position: relative; width: auto;">
        <div role="checkbox" tabindex="0" aria-checked="false" class="van-checkbox van-checkbox--horizontal">
          <div class="van-checkbox__icon van-checkbox__icon--round"><i class="van-icon van-icon-success">
              <!----></i></div><span vusion-slot-name="default" class="van-checkbox__label">选框1</span>
        </div>
      </div>
      <div style="position: relative; width: auto;">
        <div role="checkbox" tabindex="0" aria-checked="false" class="van-checkbox van-checkbox--horizontal">
          <div class="van-checkbox__icon van-checkbox__icon--round"><i class="van-icon van-icon-success">
              <!----></i></div><span vusion-slot-name="default" class="van-checkbox__label">选框2</span>
        </div>
      </div>
      <div style="position: relative; width: auto;">
        <div role="checkbox" tabindex="0" aria-checked="false" class="van-checkbox van-checkbox--horizontal">
          <div class="van-checkbox__icon van-checkbox__icon--round"><i class="van-icon van-icon-success">
              <!----></i></div><span vusion-slot-name="default" class="van-checkbox__label">选框3</span>
        </div>
      </div>
    </div>
  </div>
  <div>
    <div class="van-checkbox-group van-checkbox-group--horizontal">
      <div style="position: relative; width: auto;">
        <div role="checkbox" tabindex="0" aria-checked="false" class="van-checkbox van-checkbox--horizontal">
          <div class="van-checkbox__icon van-checkbox__icon--round"><i class="van-icon van-icon-success">
              <!----></i></div><span vusion-slot-name="default" class="van-checkbox__label">选框1</span>
        </div>
      </div>
      <div style="position: relative; width: auto;">
        <div role="checkbox" tabindex="0" aria-checked="false" class="van-checkbox van-checkbox--horizontal">
          <div class="van-checkbox__icon van-checkbox__icon--round"><i class="van-icon van-icon-success">
              <!----></i></div><span vusion-slot-name="default" class="van-checkbox__label">选框2</span>
        </div>
      </div>
      <div style="position: relative; width: auto;">
        <div role="checkbox" tabindex="0" aria-checked="false" class="van-checkbox van-checkbox--horizontal">
          <div class="van-checkbox__icon van-checkbox__icon--round"><i class="van-icon van-icon-success">
              <!----></i></div><span vusion-slot-name="default" class="van-checkbox__label">选框3</span>
        </div>
      </div>
    </div>
  </div>
  <div>
    <div class="van-checkbox-group van-checkbox-group--horizontal">
      <div style="position: relative; width: auto;">
        <div role="checkbox" tabindex="0" aria-checked="false" class="van-checkbox van-checkbox--horizontal">
          <div class="van-checkbox__icon van-checkbox__icon--round"><i class="van-icon van-icon-success">
              <!----></i></div><span vusion-slot-name="default" class="van-checkbox__label">选项1</span>
        </div>
      </div>
      <div style="position: relative; width: auto;">
        <div role="checkbox" tabindex="0" aria-checked="false" class="van-checkbox van-checkbox--horizontal">
          <div class="van-checkbox__icon van-checkbox__icon--round"><i class="van-icon van-icon-success">
              <!----></i></div><span vusion-slot-name="default" class="van-checkbox__label">选项2</span>
        </div>
      </div>
      <div style="position: relative; width: auto;">
        <div role="checkbox" tabindex="0" aria-checked="false" class="van-checkbox van-checkbox--horizontal">
          <div class="van-checkbox__icon van-checkbox__icon--round"><i class="van-icon van-icon-success">
              <!----></i></div><span vusion-slot-name="default" class="van-checkbox__label">选项3</span>
        </div>
      </div>
    </div>
  </div>
  <div>
    <div class="van-checkbox-group van-checkbox-group--horizontal">
      <div style="position: relative; width: auto;">
        <div role="checkbox" tabindex="0" aria-checked="false" class="van-checkbox van-checkbox--horizontal">
          <div class="van-checkbox__icon van-checkbox__icon--round"><i class="van-icon van-icon-success">
              <!----></i></div><span vusion-slot-name="default" class="van-checkbox__label">选项0</span>
        </div>
      </div>
      <div style="position: relative; width: auto;">
        <div role="checkbox" tabindex="0" aria-checked="false" class="van-checkbox van-checkbox--horizontal">
          <div class="van-checkbox__icon van-checkbox__icon--round"><i class="van-icon van-icon-success">
              <!----></i></div><span vusion-slot-name="default" class="van-checkbox__label">选项1</span>
        </div>
      </div>
      <div style="position: relative; width: auto;">
        <div role="checkbox" tabindex="0" aria-checked="false" class="van-checkbox van-checkbox--horizontal">
          <div class="van-checkbox__icon van-checkbox__icon--round"><i class="van-icon van-icon-success">
              <!----></i></div><span vusion-slot-name="default" class="van-checkbox__label">选项2</span>
        </div>
      </div>
    </div>
  </div>
  <div>
    <div class="van-checkbox-group van-checkbox-group--horizontal">
      <div style="position: relative; width: auto;">
        <div role="checkbox" tabindex="0" aria-checked="false" class="van-checkbox van-checkbox--horizontal">
          <div class="van-checkbox__icon van-checkbox__icon--round"><i class="van-icon van-icon-success">
              <!----></i></div><span vusion-slot-name="default" class="van-checkbox__label">选项1</span>
        </div>
      </div>
      <div style="position: relative; width: auto;">
        <div role="checkbox" tabindex="0" aria-checked="false" class="van-checkbox van-checkbox--horizontal">
          <div class="van-checkbox__icon van-checkbox__icon--round"><i class="van-icon van-icon-success">
              <!----></i></div><span vusion-slot-name="default" class="van-checkbox__label">选项2</span>
        </div>
      </div>
      <div style="position: relative; width: auto;">
        <div role="checkbox" tabindex="0" aria-checked="false" class="van-checkbox van-checkbox--horizontal">
          <div class="van-checkbox__icon van-checkbox__icon--round"><i class="van-icon van-icon-success">
              <!----></i></div><span vusion-slot-name="default" class="van-checkbox__label">选项3</span>
        </div>
      </div>
    </div>
  </div>
  <div>
    <div class="van-checkbox-group van-checkbox-group--horizontal">
      <div style="position: relative; width: auto;">
        <div role="checkbox" tabindex="0" aria-checked="false" class="van-checkbox van-checkbox--horizontal">
          <div class="van-checkbox__icon van-checkbox__icon--round"><i class="van-icon van-icon-success">
              <!----></i></div><span vusion-slot-name="default" class="van-checkbox__label">选项1</span>
        </div>
      </div>
      <div style="position: relative; width: auto;">
        <div role="checkbox" tabindex="0" aria-checked="false" class="van-checkbox van-checkbox--horizontal">
          <div class="van-checkbox__icon van-checkbox__icon--round"><i class="van-icon van-icon-success">
              <!----></i></div><span vusion-slot-name="default" class="van-checkbox__label">选项2</span>
        </div>
      </div>
      <div style="position: relative; width: auto;">
        <div role="checkbox" tabindex="0" aria-checked="false" class="van-checkbox van-checkbox--horizontal">
          <div class="van-checkbox__icon van-checkbox__icon--round"><i class="van-icon van-icon-success">
              <!----></i></div><span vusion-slot-name="default" class="van-checkbox__label">选项3</span>
        </div>
      </div>
      <div style="position: relative; width: auto;">
        <div role="checkbox" tabindex="0" aria-checked="false" class="van-checkbox van-checkbox--horizontal">
          <div class="van-checkbox__icon van-checkbox__icon--round"><i class="van-icon van-icon-success">
              <!----></i></div><span vusion-slot-name="default" class="van-checkbox__label">静态框4</span>
        </div>
      </div>
      <div style="position: relative; width: auto;">
        <div role="checkbox" tabindex="0" aria-checked="false" class="van-checkbox van-checkbox--horizontal">
          <div class="van-checkbox__icon van-checkbox__icon--round"><i class="van-icon van-icon-success">
              <!----></i></div><span vusion-slot-name="default" class="van-checkbox__label">静态框5</span>
        </div>
      </div>
    </div>
  </div>
  <div>
    <div class="van-checkbox-group van-checkbox-group--horizontal">
      <div style="position: relative; width: auto;">
        <div role="checkbox" tabindex="0" aria-checked="false" class="van-checkbox van-checkbox--horizontal">
          <div class="van-checkbox__icon van-checkbox__icon--round"><i class="van-icon van-icon-success">
              <!----></i></div><span vusion-slot-name="default" class="van-checkbox__label">选项1</span>
        </div>
      </div>
      <div style="position: relative; width: auto;">
        <div role="checkbox" tabindex="0" aria-checked="false" class="van-checkbox van-checkbox--horizontal">
          <div class="van-checkbox__icon van-checkbox__icon--round"><i class="van-icon van-icon-success">
              <!----></i></div><span vusion-slot-name="default" class="van-checkbox__label">选项2</span>
        </div>
      </div>
      <div style="position: relative; width: auto;">
        <div role="checkbox" tabindex="0" aria-checked="false" class="van-checkbox van-checkbox--horizontal">
          <div class="van-checkbox__icon van-checkbox__icon--round"><i class="van-icon van-icon-success">
              <!----></i></div><span vusion-slot-name="default" class="van-checkbox__label">选项3</span>
        </div>
      </div>
    </div>
  </div>
  <div>
    <div class="van-checkbox-group van-checkbox-group--horizontal van-checkbox-group--preview">
      <div role="checkbox" tabindex="0" aria-checked="true" class="van-checkbox van-checkbox--horizontal">
        <div class="van-checkbox__icon van-checkbox__icon--round van-checkbox__icon--checked"><i class="van-icon van-icon-success">
            <!----></i></div><span vusion-slot-name="default" class="van-checkbox__label">选框1</span>
      </div>
      <div role="checkbox" tabindex="0" aria-checked="true" class="van-checkbox van-checkbox--horizontal">
        <div class="van-checkbox__icon van-checkbox__icon--round van-checkbox__icon--checked"><i class="van-icon van-icon-success">
            <!----></i></div><span vusion-slot-name="default" class="van-checkbox__label">选框2</span>
      </div>
      <div role="checkbox" tabindex="0" aria-checked="true" class="van-checkbox van-checkbox--horizontal">
        <div class="van-checkbox__icon van-checkbox__icon--round van-checkbox__icon--checked"><i class="van-icon van-icon-success">
            <!----></i></div><span vusion-slot-name="default" class="van-checkbox__label">选项4</span>
      </div>
    </div>
  </div>
</div>
`;
